IO, clock d'ï¿½Hï¿½ï¿½+ï¿½ï¿½0x3fff0030ets Jul 29 2019 12:21:46

rst:0x1 (POWERON_RESET),boot:0x13 (SPI_FAST_FLASH_BOOT)
configsip: 0, SPIWP:0xee
clk_drv:0x00,q_drv:0x00,d_drv:0x00,cs0_drv:0x00,hd_drv:0x00,wp_drv:0x00
mode:DIO, clock div:2
load:0x3fff0030,len:7140
load:0x40078000,len:15500
load:0x40080400,len:4
load:0x40080404,len:3904
entry 0x40080640
[0;32mI (29) boot: ESP-IDF v5.3-dev-422-ga7fbf452fa 2nd stage bootloader[0m
[0;32mI (29) boot: compile time May 22 2024 05:39:43[0m
[0;32mI (31) boot: Multicore bootloader[0m
[0;32mI (35) boot: chip revision: v3.0[0m
[0;32mI (39) boot.esp32: SPI Speed      : 40MHz[0m
[0;32mI (44) boot.esp32: SPI Mode       : DIO[0m
[0;32mI (48) boot.esp32: SPI Flash Size : 2MB[0m
[0;32mI (53) boot: Enabling RNG early entropy source...[0m
[0;32mI (58) boot: Partition Table:[0m
[0;32mI (62) boot: ## Label            Usage          Type ST Offset   Length[0m
[0;32mI (69) boot:  0 nvs              WiFi data        01 02 00009000 00006000[0m
[0;32mI (76) boot:  1 phy_init         RF data          01 01 0000f000 00001000[0m
[0;32mI (84) boot:  2 factory          factory app      00 00 00010000 00100000[0m
[0;32mI (91) boot: End of partition table[0m
[0;32mI (96) esp_image: segment 0: paddr=00010020 vaddr=3f400020 size=09a9ch ( 39580) map[0m
[0;32mI (118) esp_image: segment 1: paddr=00019ac4 vaddr=3ffb0000 size=02204h (  8708) load[0m
[0;32mI (121) esp_image: segment 2: paddr=0001bcd0 vaddr=40080000 size=04348h ( 17224) load[0m
[0;32mI (130) esp_image: segment 3: paddr=00020020 vaddr=400d0020 size=14c0ch ( 85004) map[0m
[0;32mI (161) esp_image: segment 4: paddr=00034c34 vaddr=40084348 size=09f98h ( 40856) load[0m
[0;32mI (184) boot: Loaded app from partition at offset 0x10000[0m
[0;32mI (184) boot: Disabling RNG early entropy source...[0m
[0;32mI (196) cpu_start: Multicore app[0m
[0;32mI (205) cpu_start: Pro cpu start user code[0m
[0;32mI (205) cpu_start: cpu freq: 160000000 Hz[0m
[0;32mI (205) cpu_start: Application information:[0m
[0;32mI (208) cpu_start: Project name:     rfm95rtos-rx[0m
[0;32mI (213) cpu_start: App version:      c087fa5[0m
[0;32mI (218) cpu_start: Compile time:     May 22 2024 05:39:37[0m
[0;32mI (224) cpu_start: ELF file SHA256:  4ba929eff...[0m
[0;32mI (230) cpu_start: ESP-IDF:          v5.3-dev-422-ga7fbf452fa[0m
[0;32mI (236) cpu_start: Min chip rev:     v0.0[0m
[0;32mI (241) cpu_start: Max chip rev:     v3.99 [0m
[0;32mI (245) cpu_start: Chip rev:         v3.0[0m
[0;32mI (250) heap_init: Initializing. RAM available for dynamic allocation:[0m
[0;32mI (258) heap_init: At 3FFAE6E0 len 00001920 (6 KiB): DRAM[0m
[0;32mI (263) heap_init: At 3FFB2AA8 len 0002D558 (181 KiB): DRAM[0m
[0;32mI (270) heap_init: At 3FFE0440 len 00003AE0 (14 KiB): D/IRAM[0m
[0;32mI (276) heap_init: At 3FFE4350 len 0001BCB0 (111 KiB): D/IRAM[0m
[0;32mI (283) heap_init: At 4008E2E0 len 00011D20 (71 KiB): IRAM[0m
[0;32mI (290) spi_flash: detected chip: generic[0m
[0;32mI (293) spi_flash: flash io: dio[0m
[0;33mW (297) spi_flash: Detected size(4096k) larger than the size in the binary image header(2048k). Using the size in the binary image header.[0m
[0;32mI (311) main_task: Started on CPU0[0m
[0;32mI (321) main_task: Calling app_main()[0m
[0;32mI (321) gpio: GPIO[13]| InputEn: 0| OutputEn: 0| OpenDrain: 0| Pullup: 1| Pulldown: 0| Intr:0 [0m
[0;32mI (321) gpio: GPIO[5]| InputEn: 0| OutputEn: 0| OpenDrain: 0| Pullup: 1| Pulldown: 0| Intr:0 [0m
[0;32mI (331) RFM9x: spi_bus_initialize=0[0m
[0;32mI (341) RFM9x: spi_bus_add_device=0[0m
[0;32mI (341) RFM9x: reseting lora radio. Starting...[0m
[0;32mI (361) RFM9x: reseting lora radio. Done.[0m
Reading register: 42
fetched result is: 0x12
LoRa radio init success
Frequency: 915000000
Current register 1 value: 0x72
Current register 2 value: 0x74
Current register 3 value: 0x4
LoRa radio init done
Set tx power to 23 dBm
Packet received
Header indicates CRC on
Valid header
Length: 24
Message: ï¿½ï¿½
Packet received
Header indicates CRC on
Valid header
Length: 24
Message: ï¿½ï¿½
Packet received
Header indicates CRC on
Valid header
Length: 24
Message: Dï¿½Tï¿½
qï¿½*ï¿½G$ï¿½ï¿½ï¿½ï¿½ï¿½ï¿½ï¿½3ï¿½ï¿½
Packet received
Header indicates CRC on
Valid header
Length: 24
Message: Yï¿½8ï¿½Eï¿½yï¿½ï¿½#`ï¿½ï¿½ï¿½yï¿½ï¿½ï¿½gGw
Packet received
Header indicates CRC on
Valid header
Length: 24
Message: Wï¿½mï¿½ï¿½ï¿½ï¿½ @JTï¿½ï¿½Ý¼\Tï¿½
Packet received
Header indicates CRC on
Valid header
Length: 24
Message: ï¿½Rï¿½ï¿½ï¿½7ï¿½6ï¿½)ï¿½ï¿½ï¿½ï¿½ï¿½;9pï¿½tuï¿½
Packet received
Header indicates CRC on
Valid header
Length: 24
Message: Qï¿½BW)ï¿½eï¿½ï¿½6oeï¿½#lï¿½ï¿½Tï¿½ï¿½
Packet received
Header indicates CRC on
Valid header
Length: 24
Message: :ï¿½B\;ï¿½ï¿½ï¿½Qï¿½ï¿½ï¿½$qï¿½ï¿½$vï¿½ï¿½
Packet received
Header indicates CRC on
Valid header
Length: 24
Message: Eï¿½ï¿½on;ï¿½}.Zï¿½5ï¿½ï¿½uï¿½ï¿½-ï¿½ï¿½
Packet received
Header indicates CRC on
Valid header
Length: 24
Message: xï¿½Uï¿½pï¿½ï¿½?5ï¿½[ï¿½ï¿½zï¿½ï¿½
Packet received
Header indicates CRC on
Valid header
Length: 24
Message: o World #7
Packet received
Header indicates CRC on
Valid header
Length: 24
Message: o World #8
Packet received
Header indicates CRC on
Valid header
Length: 24
Message: o World #9
Packet received
Header indicates CRC on
Valid header
Length: 24
Message: o World #10
Packet received
Header indicates CRC on
Valid header
Length: 24
Message: o World #11
Packet received
Header indicates CRC on
Valid header
Length: 24
Message: o World #12
Packet received
Header indicates CRC on
Valid header
Length: 24
Message: o World #13
Packet received
Header indicates CRC on
Valid header
Length: 24
Message: o World #14
